// Jest Snapshot v1, https://goo.gl/fbAQLP

exports[`CustomerView renders correctly 1`] = `
<div>
  <div>
    <div>
      <span>
        First Name: 
      </span>
      <p>
        Barack
      </p>
    </div>
  </div>
  <div>
    <div>
      <span>
        Last Name: 
      </span>
      <p>
        Obama
      </p>
    </div>
  </div>
  <div>
    <div>
      <span>
        Email: 
      </span>
      <p>
        obamaslastname@example.com
      </p>
    </div>
  </div>
  <div>
    <div>
      <span>
        Address Name: 
      </span>
      <p>
        None
      </p>
    </div>
  </div>
  <div
    className="control"
  >
    <button
      aria-label={null}
      className="btn btn-secondary"
      onClick={[Function]}
    >
      Cancel
    </button>
  </div>
</div>
`;
